Ultralytics 8.4.171  Python-3.9.23 torch-2.8.0+cu129 CUDA:0 (NVIDIA GeForce RTX 5060 Ti, 16311MiB)
WARNING This model has no one-to-one head; using one-to-many outputs.
YOLO11n-seg summary (fused): 113 layers, 2,868,664 parameters, 0 gradients, 9.8 GFLOPs

[34m[1mPyTorch:[0m starting from 'E:\\\YOLO\artifacts\reproducibility\M0-06_20261002_143331_549349\yolo11n-seg.pt' with input shape (1, 3, 640, 640) BCHW and output shape(s) ((1, 116, 8400), (1, 32, 160, 160)) (5.9 MB)

[34m[1mONNX:[0m starting export with onnx 1.17.0 opset 17...
[34m[1mONNX:[0m export success  0.5s, saved as 'E:\\\YOLO\artifacts\reproducibility\M0-06_20261002_143331_549349\yolo11n-seg.onnx' (11.2 MB)

Export complete (1.0s)
Results saved to [1mE:\\\YOLO\artifacts\reproducibility\M0-06_20261002_143331_549349\yolo11n-seg.onnx[0m
Predict:         yolo predict task=segment model=E:\\\YOLO\artifacts\reproducibility\M0-06_20261002_143331_549349\yolo11n-seg.onnx imgsz=640 
Validate:        yolo val task=segment model=E:\\\YOLO\artifacts\reproducibility\M0-06_20261002_143331_549349\yolo11n-seg.onnx imgsz=640   
Visualize:       https://netron.app
{
  "passed": true,
  "cases": [
    {
      "name": "bus",
      "image": "E:\\\u79cb\u62db\\\u9879\u76ee\u76f8\u5173\\YOLO\\demo\\input\\E0\\bus.jpg",
      "image_sha256": "c02019c4979c191eb739ddd944445ef408dad5679acab6fd520ef9d434bfbc63",
      "original_shape": [
        1080,
        810,
        3
      ],
      "tensor_file": "bus_reference.npz",
      "tensor_sha256": "ff21f340731e52c10b97156ffd3b614caba759126bdb4c16591c7a33ad0e7bd9",
      "input_shape": [
        1,
        3,
        640,
        640
      ],
      "input_sha256": "64d11ef4c1e470282a385f7d293607b639da2f40405c92238897253dd1e23f14"
    },
    {
      "name": "desktop",
      "image": "E:\\\u79cb\u62db\\\u9879\u76ee\u76f8\u5173\\YOLO\\runs\\E0\\M0-04_20261002_desktop_image\\input_first.jpg",
      "image_sha256": "3b92aca423e4d7a6aac39a68678e0504be5057200d20e4bf5148f983648b0e04",
      "original_shape": [
        480,
        640,
        3
      ],
      "tensor_file": "desktop_reference.npz",
      "tensor_sha256": "35319dfa78237f3b8d866d5b663046d188f4588c99b5a15938315660715721c2",
      "input_shape": [
        1,
        3,
        640,
        640
      ],
      "input_sha256": "5c1befa16c051c0812ba289f8b96e4c8c382c254060e27ee8f718d754c2391a4"
    }
  ],
  "stage": "export"
}
