Checking training environment, source and GPU...
Checking camera index 0...
{
  "task_complete": false,
  "training": "passed",
  "camera": {
    "status": "failed",
    "index": 0,
    "attempts": [
      {
        "requested_backend": "DSHOW",
        "passed": false,
        "error": "Timeout after 30.0s",
        "driver_messages": "stage=opening\nstage=opened success=True\nstage=reading attempt=1\nstage=reading attempt=2\nstage=reading attempt=3\nstage=releasing\n"
      },
      {
        "requested_backend": "MSMF",
        "passed": false,
        "error": "Timeout after 30.0s",
        "driver_messages": "stage=opening\nstage=opened success=True\nstage=reading attempt=1\nstage=reading attempt=2\n[ WARN:0@10.967] global cap_msmf.cpp:1795 CvCapture_MSMF::grabFrame videoio(MSMF): can't grab frame. Error: -2147483638\nstage=reading attempt=3\n[ WARN:0@20.980] global cap_msmf.cpp:1795 CvCapture_MSMF::grabFrame videoio(MSMF): can't grab frame. Error: -2147483638\nstage=reading attempt=4\n"
      }
    ]
  },
  "deployment": {
    "onnx": {
      "status": "not_installed",
      "next_task": "M0-05"
    },
    "onnxruntime": {
      "status": "not_installed",
      "next_task": "M0-05"
    },
    "tensorrt": {
      "status": "not_installed",
      "next_task": "M0-05"
    }
  },
  "snapshot": "E:\\秋招\\项目相关\\YOLO\\logs\\environment\\M0-03_20261002_113023_201976_snapshot.json",
  "report": "E:\\秋招\\项目相关\\YOLO\\reports\\environment_check.md"
}
