Looking in indexes: https://pypi.tuna.tsinghua.edu.cn/simple
Obtaining file:///E:/%E7%A7%8B%E6%8B%9B/%E9%A1%B9%E7%9B%AE%E7%9B%B8%E5%85%B3/YOLO/third_party/ultralytics
  Checking if build backend supports build_editable: started
  Checking if build backend supports build_editable: finished with status 'done'
  Preparing editable metadata (pyproject.toml): started
  Preparing editable metadata (pyproject.toml): finished with status 'done'
Requirement already satisfied: cloudpickle>=3.1.1 in d:\software\anaconda\envs\yolo\lib\site-packages (from ultralytics==8.4.171) (3.1.1)
Collecting filelock>=3.16.1 (from ultralytics==8.4.171)
  Downloading https://pypi.tuna.tsinghua.edu.cn/packages/42/14/42b2651a2f46b022ccd948bca9f2d5af0fd8929c4eec235b8d6d844fbe67/filelock-3.19.1-py3-none-any.whl (15 kB)
Requirement already satisfied: numpy>=1.23.0 in d:\software\anaconda\envs\yolo\lib\site-packages (from ultralytics==8.4.171) (1.26.4)
Requirement already satisfied: matplotlib>=3.3.0 in d:\software\anaconda\envs\yolo\lib\site-packages (from ultralytics==8.4.171) (3.8.4)
Collecting opencv-python!=4.13.0.90,>=4.7.0 (from ultralytics==8.4.171)
  Downloading https://pypi.tuna.tsinghua.edu.cn/packages/a4/7d/f1c30a92854540bf789e9cd5dde7ef49bbe63f855b85a2e6b3db8135c591/opencv_python-4.11.0.86-cp37-abi3-win_amd64.whl (39.5 MB)
     ---------------------------------------- 39.5/39.5 MB 11.6 MB/s  0:00:03
Requirement already satisfied: pillow>=7.1.2 in d:\software\anaconda\envs\yolo\lib\site-packages (from ultralytics==8.4.171) (11.0.0)
Requirement already satisfied: pyyaml>=5.3.1 in d:\software\anaconda\envs\yolo\lib\site-packages (from ultralytics==8.4.171) (6.0.3)
Requirement already satisfied: requests>=2.23.0 in d:\software\anaconda\envs\yolo\lib\site-packages (from ultralytics==8.4.171) (2.32.5)
Requirement already satisfied: torch>=1.8.0 in d:\software\anaconda\envs\yolo\lib\site-packages (from ultralytics==8.4.171) (2.8.0+cu129)
Requirement already satisfied: torchvision>=0.9.0 in d:\software\anaconda\envs\yolo\lib\site-packages (from ultralytics==8.4.171) (0.23.0+cu129)
Requirement already satisfied: psutil>=5.8.0 in d:\software\anaconda\envs\yolo\lib\site-packages (from ultralytics==8.4.171) (7.1.0)
Collecting polars>=0.20.0 (from ultralytics==8.4.171)
  Downloading https://pypi.tuna.tsinghua.edu.cn/packages/f6/c6/36a1b874036b49893ecae0ac44a2f63d1a76e6212631a5b2f50a86e0e8af/polars-1.36.1-py3-none-any.whl (802 kB)
     ---------------------------------------- 802.4/802.4 kB 8.7 MB/s  0:00:00
Collecting nvidia-ml-py>=12.0.0 (from ultralytics==8.4.171)
  Downloading https://pypi.tuna.tsinghua.edu.cn/packages/53/a1/1681dfa1c904d4e3e72e51b55a0ff012d50b766843ef832d584abe2113c6/nvidia_ml_py-13.615.71-py3-none-any.whl (58 kB)
Collecting ultralytics-thop>=2.2.2 (from ultralytics==8.4.171)
  Downloading https://pypi.tuna.tsinghua.edu.cn/packages/e7/53/0141f38ee122fc25b234ad1318e0c87050f3dfa84158f8dd46cd0c90da1a/ultralytics_thop-2.2.2-py3-none-any.whl (32 kB)
Requirement already satisfied: contourpy>=1.0.1 in d:\software\anaconda\envs\yolo\lib\site-packages (from matplotlib>=3.3.0->ultralytics==8.4.171) (1.3.0)
Requirement already satisfied: cycler>=0.10 in d:\software\anaconda\envs\yolo\lib\site-packages (from matplotlib>=3.3.0->ultralytics==8.4.171) (0.12.1)
Requirement already satisfied: fonttools>=4.22.0 in d:\software\anaconda\envs\yolo\lib\site-packages (from matplotlib>=3.3.0->ultralytics==8.4.171) (4.60.1)
Requirement already satisfied: kiwisolver>=1.3.1 in d:\software\anaconda\envs\yolo\lib\site-packages (from matplotlib>=3.3.0->ultralytics==8.4.171) (1.4.7)
Requirement already satisfied: packaging>=20.0 in d:\software\anaconda\envs\yolo\lib\site-packages (from matplotlib>=3.3.0->ultralytics==8.4.171) (25.0)
Requirement already satisfied: pyparsing>=2.3.1 in d:\software\anaconda\envs\yolo\lib\site-packages (from matplotlib>=3.3.0->ultralytics==8.4.171) (3.2.5)
Requirement already satisfied: python-dateutil>=2.7 in d:\software\anaconda\envs\yolo\lib\site-packages (from matplotlib>=3.3.0->ultralytics==8.4.171) (2.9.0.post0)
Requirement already satisfied: importlib-resources>=3.2.0 in d:\software\anaconda\envs\yolo\lib\site-packages (from matplotlib>=3.3.0->ultralytics==8.4.171) (6.5.2)
Requirement already satisfied: zipp>=3.1.0 in d:\software\anaconda\envs\yolo\lib\site-packages (from importlib-resources>=3.2.0->matplotlib>=3.3.0->ultralytics==8.4.171) (3.23.0)
Collecting polars-runtime-32==1.36.1 (from polars>=0.20.0->ultralytics==8.4.171)
  Downloading https://pypi.tuna.tsinghua.edu.cn/packages/05/0f/e629713a72999939b7b4bfdbf030a32794db588b04fdf3dc977dd8ea6c53/polars_runtime_32-1.36.1-cp39-abi3-win_amd64.whl (44.5 MB)
     ---------------------------------------- 44.5/44.5 MB 10.9 MB/s  0:00:04
Requirement already satisfied: six>=1.5 in d:\software\anaconda\envs\yolo\lib\site-packages (from python-dateutil>=2.7->matplotlib>=3.3.0->ultralytics==8.4.171) (1.17.0)
Requirement already satisfied: charset_normalizer<4,>=2 in d:\software\anaconda\envs\yolo\lib\site-packages (from requests>=2.23.0->ultralytics==8.4.171) (3.4.3)
Requirement already satisfied: idna<4,>=2.5 in d:\software\anaconda\envs\yolo\lib\site-packages (from requests>=2.23.0->ultralytics==8.4.171) (3.10)
Requirement already satisfied: urllib3<3,>=1.21.1 in d:\software\anaconda\envs\yolo\lib\site-packages (from requests>=2.23.0->ultralytics==8.4.171) (2.5.0)
Requirement already satisfied: certifi>=2017.4.17 in d:\software\anaconda\envs\yolo\lib\site-packages (from requests>=2.23.0->ultralytics==8.4.171) (2025.8.3)
Requirement already satisfied: typing-extensions>=4.10.0 in d:\software\anaconda\envs\yolo\lib\site-packages (from torch>=1.8.0->ultralytics==8.4.171) (4.15.0)
Requirement already satisfied: sympy>=1.13.3 in d:\software\anaconda\envs\yolo\lib\site-packages (from torch>=1.8.0->ultralytics==8.4.171) (1.13.3)
Requirement already satisfied: networkx in d:\software\anaconda\envs\yolo\lib\site-packages (from torch>=1.8.0->ultralytics==8.4.171) (3.2.1)
Requirement already satisfied: jinja2 in d:\software\anaconda\envs\yolo\lib\site-packages (from torch>=1.8.0->ultralytics==8.4.171) (3.1.4)
Requirement already satisfied: fsspec in d:\software\anaconda\envs\yolo\lib\site-packages (from torch>=1.8.0->ultralytics==8.4.171) (2024.6.1)
Requirement already satisfied: mpmath<1.4,>=1.1.0 in d:\software\anaconda\envs\yolo\lib\site-packages (from sympy>=1.13.3->torch>=1.8.0->ultralytics==8.4.171) (1.3.0)
Requirement already satisfied: MarkupSafe>=2.0 in d:\software\anaconda\envs\yolo\lib\site-packages (from jinja2->torch>=1.8.0->ultralytics==8.4.171) (3.0.3)
Would install filelock-3.19.1 nvidia-ml-py-13.615.71 opencv-python-4.11.0.86 polars-1.36.1 polars-runtime-32-1.36.1 ultralytics-8.4.171 ultralytics-thop-2.2.2
