{
  "passed": true,
  "report": "E:\\秋招\\项目相关\\YOLO\\logs\\environment\\M0-02_20261002_install_snapshot.json",
  "source": "86f5c8c401a630da651d321e691ab0af540812cf",
  "gpu": "NVIDIA GeForce RTX 5060 Ti",
  "model": {
    "initialization": "random",
    "scale": "n",
    "head": "Segment",
    "classes": 80,
    "parameters": 2876848,
    "input_shape": [
      1,
      3,
      640,
      640
    ],
    "outputs": {
      "output[0][0]": {
        "shape": [
          1,
          116,
          8400
        ],
        "dtype": "torch.float32",
        "device": "cuda:0"
      },
      "output[0][1]": {
        "shape": [
          1,
          32,
          160,
          160
        ],
        "dtype": "torch.float32",
        "device": "cuda:0"
      },
      "output[1].boxes": {
        "shape": [
          1,
          64,
          8400
        ],
        "dtype": "torch.float32",
        "device": "cuda:0"
      },
      "output[1].scores": {
        "shape": [
          1,
          80,
          8400
        ],
        "dtype": "torch.float32",
        "device": "cuda:0"
      },
      "output[1].feats[0]": {
        "shape": [
          1,
          64,
          80,
          80
        ],
        "dtype": "torch.float32",
        "device": "cuda:0"
      },
      "output[1].feats[1]": {
        "shape": [
          1,
          128,
          40,
          40
        ],
        "dtype": "torch.float32",
        "device": "cuda:0"
      },
      "output[1].feats[2]": {
        "shape": [
          1,
          256,
          20,
          20
        ],
        "dtype": "torch.float32",
        "device": "cuda:0"
      },
      "output[1].mask_coefficient": {
        "shape": [
          1,
          32,
          8400
        ],
        "dtype": "torch.float32",
        "device": "cuda:0"
      },
      "output[1].proto": {
        "shape": [
          1,
          32,
          160,
          160
        ],
        "dtype": "torch.float32",
        "device": "cuda:0"
      }
    }
  }
}
