Checking training environment, source and GPU...
Checking camera index 0...
{
  "task_complete": false,
  "training": "passed",
  "camera": {
    "status": "failed",
    "index": 0,
    "attempts": [
      {
        "requested_backend": "DSHOW",
        "passed": false,
        "error": "Timeout after 15.0s"
      },
      {
        "requested_backend": "MSMF",
        "passed": false,
        "error": "Timeout after 15.0s"
      }
    ]
  },
  "deployment": {
    "onnx": {
      "status": "not_installed",
      "next_task": "M0-05"
    },
    "onnxruntime": {
      "status": "not_installed",
      "next_task": "M0-05"
    },
    "tensorrt": {
      "status": "not_installed",
      "next_task": "M0-05"
    }
  },
  "snapshot": "E:\\秋招\\项目相关\\YOLO\\logs\\environment\\M0-03_20261002_112743_062523_snapshot.json",
  "report": "E:\\秋招\\项目相关\\YOLO\\reports\\environment_check.md"
}
