Looking in indexes: https://pypi.tuna.tsinghua.edu.cn/simple
Obtaining file:///E:/%E7%A7%8B%E6%8B%9B/%E9%A1%B9%E7%9B%AE%E7%9B%B8%E5%85%B3/YOLO/third_party/ultralytics (from -r requirements-train.txt (line 23))
  Checking if build backend supports build_editable: started
  Checking if build backend supports build_editable: finished with status 'done'
  Preparing editable metadata (pyproject.toml): started
  Preparing editable metadata (pyproject.toml): finished with status 'done'
Requirement already satisfied: torch==2.8.0+cu129 in d:\software\anaconda\envs\yolo\lib\site-packages (from -r requirements-train.txt (line 5)) (2.8.0+cu129)
Requirement already satisfied: torchvision==0.23.0+cu129 in d:\software\anaconda\envs\yolo\lib\site-packages (from -r requirements-train.txt (line 6)) (0.23.0+cu129)
Requirement already satisfied: numpy==1.26.4 in d:\software\anaconda\envs\yolo\lib\site-packages (from -r requirements-train.txt (line 7)) (1.26.4)
Collecting opencv-python==4.11.0.86 (from -r requirements-train.txt (line 8))
  Using cached https://pypi.tuna.tsinghua.edu.cn/packages/a4/7d/f1c30a92854540bf789e9cd5dde7ef49bbe63f855b85a2e6b3db8135c591/opencv_python-4.11.0.86-cp37-abi3-win_amd64.whl (39.5 MB)
Requirement already satisfied: matplotlib==3.8.4 in d:\software\anaconda\envs\yolo\lib\site-packages (from -r requirements-train.txt (line 9)) (3.8.4)
Requirement already satisfied: pillow==11.0.0 in d:\software\anaconda\envs\yolo\lib\site-packages (from -r requirements-train.txt (line 10)) (11.0.0)
Requirement already satisfied: PyYAML==6.0.3 in d:\software\anaconda\envs\yolo\lib\site-packages (from -r requirements-train.txt (line 11)) (6.0.3)
Requirement already satisfied: requests==2.32.5 in d:\software\anaconda\envs\yolo\lib\site-packages (from -r requirements-train.txt (line 12)) (2.32.5)
Requirement already satisfied: psutil==7.1.0 in d:\software\anaconda\envs\yolo\lib\site-packages (from -r requirements-train.txt (line 13)) (7.1.0)
Requirement already satisfied: cloudpickle==3.1.1 in d:\software\anaconda\envs\yolo\lib\site-packages (from -r requirements-train.txt (line 14)) (3.1.1)
Collecting filelock==3.19.1 (from -r requirements-train.txt (line 15))
  Using cached https://pypi.tuna.tsinghua.edu.cn/packages/42/14/42b2651a2f46b022ccd948bca9f2d5af0fd8929c4eec235b8d6d844fbe67/filelock-3.19.1-py3-none-any.whl (15 kB)
Collecting polars==1.36.1 (from -r requirements-train.txt (line 16))
  Using cached https://pypi.tuna.tsinghua.edu.cn/packages/f6/c6/36a1b874036b49893ecae0ac44a2f63d1a76e6212631a5b2f50a86e0e8af/polars-1.36.1-py3-none-any.whl (802 kB)
Collecting polars-runtime-32==1.36.1 (from -r requirements-train.txt (line 17))
  Using cached https://pypi.tuna.tsinghua.edu.cn/packages/05/0f/e629713a72999939b7b4bfdbf030a32794db588b04fdf3dc977dd8ea6c53/polars_runtime_32-1.36.1-cp39-abi3-win_amd64.whl (44.5 MB)
Collecting nvidia-ml-py==13.615.71 (from -r requirements-train.txt (line 18))
  Using cached https://pypi.tuna.tsinghua.edu.cn/packages/53/a1/1681dfa1c904d4e3e72e51b55a0ff012d50b766843ef832d584abe2113c6/nvidia_ml_py-13.615.71-py3-none-any.whl (58 kB)
Collecting ultralytics-thop==2.2.2 (from -r requirements-train.txt (line 19))
  Using cached https://pypi.tuna.tsinghua.edu.cn/packages/e7/53/0141f38ee122fc25b234ad1318e0c87050f3dfa84158f8dd46cd0c90da1a/ultralytics_thop-2.2.2-py3-none-any.whl (32 kB)
Requirement already satisfied: pandas==2.2.1 in d:\software\anaconda\envs\yolo\lib\site-packages (from -r requirements-train.txt (line 20)) (2.2.1)
Requirement already satisfied: scipy==1.13.1 in d:\software\anaconda\envs\yolo\lib\site-packages (from -r requirements-train.txt (line 21)) (1.13.1)
Requirement already satisfied: tqdm==4.67.3 in d:\software\anaconda\envs\yolo\lib\site-packages (from -r requirements-train.txt (line 22)) (4.67.3)
Requirement already satisfied: typing-extensions>=4.10.0 in d:\software\anaconda\envs\yolo\lib\site-packages (from torch==2.8.0+cu129->-r requirements-train.txt (line 5)) (4.15.0)
Requirement already satisfied: sympy>=1.13.3 in d:\software\anaconda\envs\yolo\lib\site-packages (from torch==2.8.0+cu129->-r requirements-train.txt (line 5)) (1.13.3)
Requirement already satisfied: networkx in d:\software\anaconda\envs\yolo\lib\site-packages (from torch==2.8.0+cu129->-r requirements-train.txt (line 5)) (3.2.1)
Requirement already satisfied: jinja2 in d:\software\anaconda\envs\yolo\lib\site-packages (from torch==2.8.0+cu129->-r requirements-train.txt (line 5)) (3.1.4)
Requirement already satisfied: fsspec in d:\software\anaconda\envs\yolo\lib\site-packages (from torch==2.8.0+cu129->-r requirements-train.txt (line 5)) (2024.6.1)
Requirement already satisfied: contourpy>=1.0.1 in d:\software\anaconda\envs\yolo\lib\site-packages (from matplotlib==3.8.4->-r requirements-train.txt (line 9)) (1.3.0)
Requirement already satisfied: cycler>=0.10 in d:\software\anaconda\envs\yolo\lib\site-packages (from matplotlib==3.8.4->-r requirements-train.txt (line 9)) (0.12.1)
Requirement already satisfied: fonttools>=4.22.0 in d:\software\anaconda\envs\yolo\lib\site-packages (from matplotlib==3.8.4->-r requirements-train.txt (line 9)) (4.60.1)
Requirement already satisfied: kiwisolver>=1.3.1 in d:\software\anaconda\envs\yolo\lib\site-packages (from matplotlib==3.8.4->-r requirements-train.txt (line 9)) (1.4.7)
Requirement already satisfied: packaging>=20.0 in d:\software\anaconda\envs\yolo\lib\site-packages (from matplotlib==3.8.4->-r requirements-train.txt (line 9)) (25.0)
Requirement already satisfied: pyparsing>=2.3.1 in d:\software\anaconda\envs\yolo\lib\site-packages (from matplotlib==3.8.4->-r requirements-train.txt (line 9)) (3.2.5)
Requirement already satisfied: python-dateutil>=2.7 in d:\software\anaconda\envs\yolo\lib\site-packages (from matplotlib==3.8.4->-r requirements-train.txt (line 9)) (2.9.0.post0)
Requirement already satisfied: importlib-resources>=3.2.0 in d:\software\anaconda\envs\yolo\lib\site-packages (from matplotlib==3.8.4->-r requirements-train.txt (line 9)) (6.5.2)
Requirement already satisfied: charset_normalizer<4,>=2 in d:\software\anaconda\envs\yolo\lib\site-packages (from requests==2.32.5->-r requirements-train.txt (line 12)) (3.4.3)
Requirement already satisfied: idna<4,>=2.5 in d:\software\anaconda\envs\yolo\lib\site-packages (from requests==2.32.5->-r requirements-train.txt (line 12)) (3.10)
Requirement already satisfied: urllib3<3,>=1.21.1 in d:\software\anaconda\envs\yolo\lib\site-packages (from requests==2.32.5->-r requirements-train.txt (line 12)) (2.5.0)
Requirement already satisfied: certifi>=2017.4.17 in d:\software\anaconda\envs\yolo\lib\site-packages (from requests==2.32.5->-r requirements-train.txt (line 12)) (2025.8.3)
Requirement already satisfied: pytz>=2020.1 in d:\software\anaconda\envs\yolo\lib\site-packages (from pandas==2.2.1->-r requirements-train.txt (line 20)) (2025.2)
Requirement already satisfied: tzdata>=2022.7 in d:\software\anaconda\envs\yolo\lib\site-packages (from pandas==2.2.1->-r requirements-train.txt (line 20)) (2025.2)
Requirement already satisfied: colorama in d:\software\anaconda\envs\yolo\lib\site-packages (from tqdm==4.67.3->-r requirements-train.txt (line 22)) (0.4.6)
Requirement already satisfied: zipp>=3.1.0 in d:\software\anaconda\envs\yolo\lib\site-packages (from importlib-resources>=3.2.0->matplotlib==3.8.4->-r requirements-train.txt (line 9)) (3.23.0)
Requirement already satisfied: six>=1.5 in d:\software\anaconda\envs\yolo\lib\site-packages (from python-dateutil>=2.7->matplotlib==3.8.4->-r requirements-train.txt (line 9)) (1.17.0)
Requirement already satisfied: mpmath<1.4,>=1.1.0 in d:\software\anaconda\envs\yolo\lib\site-packages (from sympy>=1.13.3->torch==2.8.0+cu129->-r requirements-train.txt (line 5)) (1.3.0)
Requirement already satisfied: MarkupSafe>=2.0 in d:\software\anaconda\envs\yolo\lib\site-packages (from jinja2->torch==2.8.0+cu129->-r requirements-train.txt (line 5)) (3.0.3)
Building wheels for collected packages: ultralytics
  Building editable for ultralytics (pyproject.toml): started
  Building editable for ultralytics (pyproject.toml): finished with status 'done'
  Created wheel for ultralytics: filename=ultralytics-8.4.171-0.editable-py3-none-any.whl size=25136 sha256=841062469ac567b20ed2d576defb9881230fdb4dc6b82712d25ae607b2bcc791
  Stored in directory: C:\Users\Administrator\AppData\Local\Temp\pip-ephem-wheel-cache-oli9e4ua\wheels\f9\9f\a6\62734cb303891e11e7087b6fabb0305a4186f3fdb1418135d3
Successfully built ultralytics
Installing collected packages: nvidia-ml-py, polars-runtime-32, opencv-python, filelock, polars, ultralytics-thop, ultralytics
  Attempting uninstall: filelock
    Found existing installation: filelock 3.13.1
    Uninstalling filelock-3.13.1:
      Successfully uninstalled filelock-3.13.1
  WARNING: The scripts ultralytics.exe and yolo.exe are installed in 'D:\software\anaconda\envs\yolo\Scripts' which is not on PATH.
  Consider adding this directory to PATH or, if you prefer to suppress this warning, use --no-warn-script-location.

Successfully installed filelock-3.19.1 nvidia-ml-py-13.615.71 opencv-python-4.11.0.86 polars-1.36.1 polars-runtime-32-1.36.1 ultralytics-8.4.171 ultralytics-thop-2.2.2
