Checking training environment, source and GPU...
Checking camera index 0...
{
  "task_complete": false,
  "training": "passed",
  "camera": {
    "status": "failed",
    "index": 0,
    "mode": "native",
    "attempts": [
      {
        "requested_backend": "DSHOW",
        "passed": false,
        "error": "Timeout after 15.0s",
        "driver_messages": "stage=opening\nstage=opened success=True\nstage=reading attempt=1\nstage=reading attempt=2\nstage=reading attempt=3\ncamera_result={\"index\": 0, \"requested_backend\": \"DSHOW\", \"mode\": \"native\", \"passed\": true, \"valid_frames\": 3, \"released\": false, \"opencv_version\": \"4.11.0\", \"opencv_file\": \"D:\\\\software\\\\anaconda\\\\envs\\\\yolo\\\\lib\\\\site-packages\\\\cv2\\\\__init__.py\", \"opened\": true, \"actual_backend\": \"DSHOW\", \"frame_shape\": [480, 640, 3], \"frame_dtype\": \"uint8\", \"frame_min\": 0, \"frame_max\": 248, \"reported_fps\": 0.0}\nstage=releasing\n",
        "index": 0,
        "mode": "native",
        "valid_frames": 3,
        "released": false,
        "opencv_version": "4.11.0",
        "opencv_file": "D:\\software\\anaconda\\envs\\yolo\\lib\\site-packages\\cv2\\__init__.py",
        "opened": true,
        "actual_backend": "DSHOW",
        "frame_shape": [
          480,
          640,
          3
        ],
        "frame_dtype": "uint8",
        "frame_min": 0,
        "frame_max": 248,
        "reported_fps": 0.0,
        "frames_read": true
      }
    ]
  },
  "deployment": {
    "onnx": {
      "status": "not_installed",
      "next_task": "M0-05"
    },
    "onnxruntime": {
      "status": "not_installed",
      "next_task": "M0-05"
    },
    "tensorrt": {
      "status": "not_installed",
      "next_task": "M0-05"
    }
  },
  "snapshot": "E:\\秋招\\项目相关\\YOLO\\logs\\environment\\M0-03_20261002_114408_074569_snapshot.json",
  "report": "E:\\秋招\\项目相关\\YOLO\\reports\\environment_check.md"
}
